main.c:80:6:set_speed	40	static
main.c:100:5:main	8	static
main.c:159:6:SystemClock_Config	88	static
main.c:204:13:MX_TIM1_Init	32	static
main.c:250:13:MX_TIM3_Init	56	static
main.c:299:13:MX_TIM4_Init	48	static
main.c:352:13:MX_USART2_UART_Init	8	static
main.c:385:13:MX_GPIO_Init	48	static
main.c:418:6:HAL_GPIO_EXTI_Callback	16	static
main.c:421:6:HAL_UART_TxCpltCallback	16	static
main.c:428:6:HAL_UART_RxCpltCallback	24	static
main.c:467:6:HAL_TIM_PeriodElapsedCallback	32	static
main.c:483:6:Error_Handler	4	static
